[INFO] Running Gecko EMF Codegen Version 6.2.0
[INFO] Output configured: src
[INFO] Output result: /devel/git/org.gecko.emf.utils/org.gecko.emf.converter.model/src
[INFO] genmodelLocation: null
[INFO] Running for genmodel model/converter.genmodel in /devel/git/org.gecko.emf.utils/org.gecko.emf.converter.model
[INFO] Setting up ResourceUriHandler:
[INFO]     bsn: org.gecko.emf.converter.model
[INFO]     base: /devel/git/org.gecko.emf.utils/org.gecko.emf.converter.model
[INFO]     projectDirName: org.gecko.emf.converter.model
[INFO]     basePath: null
[INFO]     buildPath:
[INFO]       Container: /home/mark/.m2/repository/org/eclipse/emf/org.eclipse.emf.ecore/2.35.0/org.eclipse.emf.ecore-2.35.0.jar
[INFO]         |->: model/Ecore.genmodel - model/Ecore.genmodel
[INFO]         |->: model/ExtendedMetaData.ecore - model/ExtendedMetaData.ecore
[INFO]         |->: model/XMLNamespace.ecore - model/XMLNamespace.ecore
[INFO]         |->: model/XMLType.ecore - model/XMLType.ecore
[INFO]         |->: model/XMLType.genmodel - model/XMLType.genmodel
[INFO]         |->: model/XMLNamespace.genmodel - model/XMLNamespace.genmodel
[INFO]         |->: model/Ecore.ecore - model/Ecore.ecore
[INFO]         |->: model/DateConversionDelegateAnnotation.ecore - model/DateConversionDelegateAnnotation.ecore
[INFO]         |->: model/EcoreAnnotation.ecore - model/EcoreAnnotation.ecore
[INFO]       Container: /home/mark/.m2/repository/org/osgi/org.osgi.annotation.bundle/1.1.0/org.osgi.annotation.bundle-1.1.0.jar
[INFO]       Container: /home/mark/.m2/repository/org/osgi/org.osgi.framework/1.10.0/org.osgi.framework-1.10.0.jar
[INFO]       Container: /home/mark/.m2/repository/org/eclipse/emf/org.eclipse.emf.ecore.xmi/2.36.0/org.eclipse.emf.ecore.xmi-2.36.0.jar
[INFO]       Container: /home/mark/.m2/repository/org/eclipse/emf/org.eclipse.emf.common/2.29.0/org.eclipse.emf.common-2.29.0.jar
[INFO]       Container: /home/mark/.m2/repository/org/geckoprojects/emf/org.gecko.emf.osgi.api/6.2.0/org.gecko.emf.osgi.api-6.2.0.jar
[INFO]       Container: /home/mark/.m2/repository/org/osgi/org.osgi.service.metatype.annotations/1.4.0/org.osgi.service.metatype.annotations-1.4.0.jar
[INFO]       Container: /home/mark/.m2/repository/org/osgi/org.osgi.service.component.annotations/1.5.1/org.osgi.service.component.annotations-1.5.1.jar
[INFO]       Container: /home/mark/.m2/repository/org/osgi/org.osgi.annotation.bundle/2.0.0/org.osgi.annotation.bundle-2.0.0.jar
[INFO]       Container: /home/mark/.m2/repository/org/osgi/org.osgi.annotation.versioning/1.1.2/org.osgi.annotation.versioning-1.1.2.jar
[INFO]       Container: /home/mark/.m2/repository/org/osgi/org.osgi.service.condition/1.0.0/org.osgi.service.condition-1.0.0.jar
[INFO] Loading resource://org.gecko.emf.converter.model/model/converter.genmodel
[INFO] Asked to handle resource://org.gecko.emf.converter.model/model/converter.genmodel
[INFO] Asked to handle resource://org.gecko.emf.converter.model/model/converter.genmodel
[INFO] Asked to open InputStream for resource://org.gecko.emf.converter.model/model/converter.genmodel
[INFO] sanatized uri resource://org.gecko.emf.converter.model/model/converter.genmodel
[INFO] bsn according to URI org.gecko.emf.converter.model
[INFO] The bsn segment part fits to: org.gecko.emf.converter.model
[INFO] Configuring Jet
[INFO] Setting modelDirectory/org.gecko.emf.converter.model/src
[INFO] Creating BNDGeneratorAdapterFactory
[INFO] Starting generator run
[INFO] Creating GeckoGenModelGeneratorAdapter
[INFO] Creating GeckoGenPackageGeneratorAdapter
[INFO] subtask Generating code
[INFO] internaly worked 0.25 on null
[INFO] internaly worked 0.25 on null
[INFO] internaly worked 0.5 on null
[INFO] subtask 
[INFO] subtask Generating Code for ConverterPackage
[INFO] internaly worked 1.0 on null
[INFO] subtask 
[INFO] Asked to handle resource://org.gecko.emf.converter.model/model/converter.ecore
[INFO] Asked to handle resource://org.gecko.emf.converter.model/model/converter.ecore
[INFO] Asked to open InputStream for resource://org.gecko.emf.converter.model/model/converter.ecore
[INFO] sanatized uri resource://org.gecko.emf.converter.model/model/converter.ecore
[INFO] bsn according to URI org.gecko.emf.converter.model
[INFO] The bsn segment part fits to: org.gecko.emf.converter.model
[INFO] subtask Generating package interface info for package 'org.gecko.emf.converter.model.ConverterPackage'
[INFO] subtask Generating /org.gecko.emf.converter.model/src/org/gecko/emf/converter/model/ConverterPackage.java
[INFO] internaly worked 1.0 on null
[INFO] subtask 
[INFO] toPlatformResourceURI: /org.gecko.emf.converter.model/src/org/gecko/emf/converter/model/ConverterPackage.java
[INFO] toPlatformResourceURI esult: /org.gecko.emf.converter.model/src/org/gecko/emf/converter/model/ConverterPackage.java
[INFO] Asked to handle platform:/resource/org.gecko.emf.converter.model/src/org/gecko/emf/converter/model/ConverterPackage.java
[INFO] Asked if exists platform:/resource/org.gecko.emf.converter.model/src/org/gecko/emf/converter/model/ConverterPackage.java
[INFO] toPlatformResourceURI: /org.gecko.emf.converter.model/src/org/gecko/emf/converter/model/ConverterPackage.java
[INFO] toPlatformResourceURI esult: /org.gecko.emf.converter.model/src/org/gecko/emf/converter/model/ConverterPackage.java
[INFO] Asked to handle platform:/resource/org.gecko.emf.converter.model/src/org/gecko/emf/converter/model/ConverterPackage.java
[INFO] Asked to open InputStream for platform:/resource/org.gecko.emf.converter.model/src/org/gecko/emf/converter/model/ConverterPackage.java
[INFO] sanatized uri resource://org.gecko.emf.converter.model/src/org/gecko/emf/converter/model/ConverterPackage.java
[INFO] bsn according to URI org.gecko.emf.converter.model
[INFO] The bsn segment part fits to: org.gecko.emf.converter.model
[INFO] subtask Preparing new /org.gecko.emf.converter.model/src/org/gecko/emf/converter/model/ConverterPackage.java
[INFO] toPlatformResourceURI: /org.gecko.emf.converter.model/src/org/gecko/emf/converter/model/ConverterPackage.java
[INFO] toPlatformResourceURI esult: /org.gecko.emf.converter.model/src/org/gecko/emf/converter/model/ConverterPackage.java
[INFO] toPlatformResourceURI: /org.gecko.emf.converter.model/src/org/gecko/emf/converter/model/ConverterPackage.java
[INFO] toPlatformResourceURI esult: /org.gecko.emf.converter.model/src/org/gecko/emf/converter/model/ConverterPackage.java
[INFO] Asked to handle platform:/resource/org.gecko.emf.converter.model/src/org/gecko/emf/converter/model/ConverterPackage.java
[INFO] Asked to open OutputStream for platform:/resource/org.gecko.emf.converter.model/src/org/gecko/emf/converter/model/ConverterPackage.java
[INFO] Sanatized resource://org.gecko.emf.converter.model/src/org/gecko/emf/converter/model/ConverterPackage.java
[INFO] Opening file /devel/git/org.gecko.emf.utils/org.gecko.emf.converter.model/src/org/gecko/emf/converter/model/ConverterPackage.java
[INFO] subtask Generating Java class org.gecko.emf.converter.model.impl.ConverterPackageImpl
[INFO] subtask Generating /org.gecko.emf.converter.model/src/org/gecko/emf/converter/model/impl/ConverterPackageImpl.java
[INFO] internaly worked 1.0 on null
[INFO] subtask 
[INFO] toPlatformResourceURI: /org.gecko.emf.converter.model/src/org/gecko/emf/converter/model/impl/ConverterPackageImpl.java
[INFO] toPlatformResourceURI esult: /org.gecko.emf.converter.model/src/org/gecko/emf/converter/model/impl/ConverterPackageImpl.java
[INFO] Asked to handle platform:/resource/org.gecko.emf.converter.model/src/org/gecko/emf/converter/model/impl/ConverterPackageImpl.java
[INFO] Asked if exists platform:/resource/org.gecko.emf.converter.model/src/org/gecko/emf/converter/model/impl/ConverterPackageImpl.java
[INFO] toPlatformResourceURI: /org.gecko.emf.converter.model/src/org/gecko/emf/converter/model/impl/ConverterPackageImpl.java
[INFO] toPlatformResourceURI esult: /org.gecko.emf.converter.model/src/org/gecko/emf/converter/model/impl/ConverterPackageImpl.java
[INFO] Asked to handle platform:/resource/org.gecko.emf.converter.model/src/org/gecko/emf/converter/model/impl/ConverterPackageImpl.java
[INFO] Asked to open InputStream for platform:/resource/org.gecko.emf.converter.model/src/org/gecko/emf/converter/model/impl/ConverterPackageImpl.java
[INFO] sanatized uri resource://org.gecko.emf.converter.model/src/org/gecko/emf/converter/model/impl/ConverterPackageImpl.java
[INFO] bsn according to URI org.gecko.emf.converter.model
[INFO] The bsn segment part fits to: org.gecko.emf.converter.model
[INFO] subtask Preparing new /org.gecko.emf.converter.model/src/org/gecko/emf/converter/model/impl/ConverterPackageImpl.java
[INFO] toPlatformResourceURI: /org.gecko.emf.converter.model/src/org/gecko/emf/converter/model/impl/ConverterPackageImpl.java
[INFO] toPlatformResourceURI esult: /org.gecko.emf.converter.model/src/org/gecko/emf/converter/model/impl/ConverterPackageImpl.java
[INFO] toPlatformResourceURI: /org.gecko.emf.converter.model/src/org/gecko/emf/converter/model/impl/ConverterPackageImpl.java
[INFO] toPlatformResourceURI esult: /org.gecko.emf.converter.model/src/org/gecko/emf/converter/model/impl/ConverterPackageImpl.java
[INFO] Asked to handle platform:/resource/org.gecko.emf.converter.model/src/org/gecko/emf/converter/model/impl/ConverterPackageImpl.java
[INFO] Asked to open OutputStream for platform:/resource/org.gecko.emf.converter.model/src/org/gecko/emf/converter/model/impl/ConverterPackageImpl.java
[INFO] Sanatized resource://org.gecko.emf.converter.model/src/org/gecko/emf/converter/model/impl/ConverterPackageImpl.java
[INFO] Opening file /devel/git/org.gecko.emf.utils/org.gecko.emf.converter.model/src/org/gecko/emf/converter/model/impl/ConverterPackageImpl.java
[INFO] subtask Generating factory interface info for package 'org.gecko.emf.converter.model.ConverterFactory'
[INFO] subtask Generating /org.gecko.emf.converter.model/src/org/gecko/emf/converter/model/ConverterFactory.java
[INFO] internaly worked 1.0 on null
[INFO] subtask 
[INFO] toPlatformResourceURI: /org.gecko.emf.converter.model/src/org/gecko/emf/converter/model/ConverterFactory.java
[INFO] toPlatformResourceURI esult: /org.gecko.emf.converter.model/src/org/gecko/emf/converter/model/ConverterFactory.java
[INFO] Asked to handle platform:/resource/org.gecko.emf.converter.model/src/org/gecko/emf/converter/model/ConverterFactory.java
[INFO] Asked if exists platform:/resource/org.gecko.emf.converter.model/src/org/gecko/emf/converter/model/ConverterFactory.java
[INFO] toPlatformResourceURI: /org.gecko.emf.converter.model/src/org/gecko/emf/converter/model/ConverterFactory.java
[INFO] toPlatformResourceURI esult: /org.gecko.emf.converter.model/src/org/gecko/emf/converter/model/ConverterFactory.java
[INFO] Asked to handle platform:/resource/org.gecko.emf.converter.model/src/org/gecko/emf/converter/model/ConverterFactory.java
[INFO] Asked to open InputStream for platform:/resource/org.gecko.emf.converter.model/src/org/gecko/emf/converter/model/ConverterFactory.java
[INFO] sanatized uri resource://org.gecko.emf.converter.model/src/org/gecko/emf/converter/model/ConverterFactory.java
[INFO] bsn according to URI org.gecko.emf.converter.model
[INFO] The bsn segment part fits to: org.gecko.emf.converter.model
[INFO] subtask Preparing new /org.gecko.emf.converter.model/src/org/gecko/emf/converter/model/ConverterFactory.java
[INFO] toPlatformResourceURI: /org.gecko.emf.converter.model/src/org/gecko/emf/converter/model/ConverterFactory.java
[INFO] toPlatformResourceURI esult: /org.gecko.emf.converter.model/src/org/gecko/emf/converter/model/ConverterFactory.java
[INFO] toPlatformResourceURI: /org.gecko.emf.converter.model/src/org/gecko/emf/converter/model/ConverterFactory.java
[INFO] toPlatformResourceURI esult: /org.gecko.emf.converter.model/src/org/gecko/emf/converter/model/ConverterFactory.java
[INFO] Asked to handle platform:/resource/org.gecko.emf.converter.model/src/org/gecko/emf/converter/model/ConverterFactory.java
[INFO] Asked to open OutputStream for platform:/resource/org.gecko.emf.converter.model/src/org/gecko/emf/converter/model/ConverterFactory.java
[INFO] Sanatized resource://org.gecko.emf.converter.model/src/org/gecko/emf/converter/model/ConverterFactory.java
[INFO] Opening file /devel/git/org.gecko.emf.utils/org.gecko.emf.converter.model/src/org/gecko/emf/converter/model/ConverterFactory.java
[INFO] subtask Generating Java class org.gecko.emf.converter.model.impl.ConverterFactoryImpl
[INFO] subtask Generating /org.gecko.emf.converter.model/src/org/gecko/emf/converter/model/impl/ConverterFactoryImpl.java
[INFO] internaly worked 1.0 on null
[INFO] subtask 
[INFO] toPlatformResourceURI: /org.gecko.emf.converter.model/src/org/gecko/emf/converter/model/impl/ConverterFactoryImpl.java
[INFO] toPlatformResourceURI esult: /org.gecko.emf.converter.model/src/org/gecko/emf/converter/model/impl/ConverterFactoryImpl.java
[INFO] Asked to handle platform:/resource/org.gecko.emf.converter.model/src/org/gecko/emf/converter/model/impl/ConverterFactoryImpl.java
[INFO] Asked if exists platform:/resource/org.gecko.emf.converter.model/src/org/gecko/emf/converter/model/impl/ConverterFactoryImpl.java
[INFO] toPlatformResourceURI: /org.gecko.emf.converter.model/src/org/gecko/emf/converter/model/impl/ConverterFactoryImpl.java
[INFO] toPlatformResourceURI esult: /org.gecko.emf.converter.model/src/org/gecko/emf/converter/model/impl/ConverterFactoryImpl.java
[INFO] Asked to handle platform:/resource/org.gecko.emf.converter.model/src/org/gecko/emf/converter/model/impl/ConverterFactoryImpl.java
[INFO] Asked to open InputStream for platform:/resource/org.gecko.emf.converter.model/src/org/gecko/emf/converter/model/impl/ConverterFactoryImpl.java
[INFO] sanatized uri resource://org.gecko.emf.converter.model/src/org/gecko/emf/converter/model/impl/ConverterFactoryImpl.java
[INFO] bsn according to URI org.gecko.emf.converter.model
[INFO] The bsn segment part fits to: org.gecko.emf.converter.model
[INFO] subtask Preparing new /org.gecko.emf.converter.model/src/org/gecko/emf/converter/model/impl/ConverterFactoryImpl.java
[INFO] toPlatformResourceURI: /org.gecko.emf.converter.model/src/org/gecko/emf/converter/model/impl/ConverterFactoryImpl.java
[INFO] toPlatformResourceURI esult: /org.gecko.emf.converter.model/src/org/gecko/emf/converter/model/impl/ConverterFactoryImpl.java
[INFO] toPlatformResourceURI: /org.gecko.emf.converter.model/src/org/gecko/emf/converter/model/impl/ConverterFactoryImpl.java
[INFO] toPlatformResourceURI esult: /org.gecko.emf.converter.model/src/org/gecko/emf/converter/model/impl/ConverterFactoryImpl.java
[INFO] Asked to handle platform:/resource/org.gecko.emf.converter.model/src/org/gecko/emf/converter/model/impl/ConverterFactoryImpl.java
[INFO] Asked to open OutputStream for platform:/resource/org.gecko.emf.converter.model/src/org/gecko/emf/converter/model/impl/ConverterFactoryImpl.java
[INFO] Sanatized resource://org.gecko.emf.converter.model/src/org/gecko/emf/converter/model/impl/ConverterFactoryImpl.java
[INFO] Opening file /devel/git/org.gecko.emf.utils/org.gecko.emf.converter.model/src/org/gecko/emf/converter/model/impl/ConverterFactoryImpl.java
[INFO] subtask Generating EPackageConfigurator for package 'model'
[INFO] subtask Generating /org.gecko.emf.converter.model/src/org/gecko/emf/converter/model/configuration/ConverterEPackageConfigurator.java
[INFO] internaly worked 1.0 on null
[INFO] subtask 
[INFO] toPlatformResourceURI: /org.gecko.emf.converter.model/src/org/gecko/emf/converter/model/configuration/ConverterEPackageConfigurator.java
[INFO] toPlatformResourceURI esult: /org.gecko.emf.converter.model/src/org/gecko/emf/converter/model/configuration/ConverterEPackageConfigurator.java
[INFO] Asked to handle platform:/resource/org.gecko.emf.converter.model/src/org/gecko/emf/converter/model/configuration/ConverterEPackageConfigurator.java
[INFO] Asked if exists platform:/resource/org.gecko.emf.converter.model/src/org/gecko/emf/converter/model/configuration/ConverterEPackageConfigurator.java
[INFO] toPlatformResourceURI: /org.gecko.emf.converter.model/src/org/gecko/emf/converter/model/configuration/ConverterEPackageConfigurator.java
[INFO] toPlatformResourceURI esult: /org.gecko.emf.converter.model/src/org/gecko/emf/converter/model/configuration/ConverterEPackageConfigurator.java
[INFO] Asked to handle platform:/resource/org.gecko.emf.converter.model/src/org/gecko/emf/converter/model/configuration/ConverterEPackageConfigurator.java
[INFO] Asked to open InputStream for platform:/resource/org.gecko.emf.converter.model/src/org/gecko/emf/converter/model/configuration/ConverterEPackageConfigurator.java
[INFO] sanatized uri resource://org.gecko.emf.converter.model/src/org/gecko/emf/converter/model/configuration/ConverterEPackageConfigurator.java
[INFO] bsn according to URI org.gecko.emf.converter.model
[INFO] The bsn segment part fits to: org.gecko.emf.converter.model
[INFO] subtask Preparing new /org.gecko.emf.converter.model/src/org/gecko/emf/converter/model/configuration/ConverterEPackageConfigurator.java
[INFO] toPlatformResourceURI: /org.gecko.emf.converter.model/src/org/gecko/emf/converter/model/configuration/ConverterEPackageConfigurator.java
[INFO] toPlatformResourceURI esult: /org.gecko.emf.converter.model/src/org/gecko/emf/converter/model/configuration/ConverterEPackageConfigurator.java
[INFO] toPlatformResourceURI: /org.gecko.emf.converter.model/src/org/gecko/emf/converter/model/configuration/ConverterEPackageConfigurator.java
[INFO] toPlatformResourceURI esult: /org.gecko.emf.converter.model/src/org/gecko/emf/converter/model/configuration/ConverterEPackageConfigurator.java
[INFO] Asked to handle platform:/resource/org.gecko.emf.converter.model/src/org/gecko/emf/converter/model/configuration/ConverterEPackageConfigurator.java
[INFO] Asked to open OutputStream for platform:/resource/org.gecko.emf.converter.model/src/org/gecko/emf/converter/model/configuration/ConverterEPackageConfigurator.java
[INFO] Sanatized resource://org.gecko.emf.converter.model/src/org/gecko/emf/converter/model/configuration/ConverterEPackageConfigurator.java
[INFO] Opening file /devel/git/org.gecko.emf.utils/org.gecko.emf.converter.model/src/org/gecko/emf/converter/model/configuration/ConverterEPackageConfigurator.java
[INFO] subtask Generating OSGi configuration component for package 'model'
[INFO] subtask Generating /org.gecko.emf.converter.model/src/org/gecko/emf/converter/model/configuration/ConverterConfigurationComponent.java
[INFO] internaly worked 1.0 on null
[INFO] subtask 
[INFO] toPlatformResourceURI: /org.gecko.emf.converter.model/src/org/gecko/emf/converter/model/configuration/ConverterConfigurationComponent.java
[INFO] toPlatformResourceURI esult: /org.gecko.emf.converter.model/src/org/gecko/emf/converter/model/configuration/ConverterConfigurationComponent.java
[INFO] Asked to handle platform:/resource/org.gecko.emf.converter.model/src/org/gecko/emf/converter/model/configuration/ConverterConfigurationComponent.java
[INFO] Asked if exists platform:/resource/org.gecko.emf.converter.model/src/org/gecko/emf/converter/model/configuration/ConverterConfigurationComponent.java
[INFO] toPlatformResourceURI: /org.gecko.emf.converter.model/src/org/gecko/emf/converter/model/configuration/ConverterConfigurationComponent.java
[INFO] toPlatformResourceURI esult: /org.gecko.emf.converter.model/src/org/gecko/emf/converter/model/configuration/ConverterConfigurationComponent.java
[INFO] Asked to handle platform:/resource/org.gecko.emf.converter.model/src/org/gecko/emf/converter/model/configuration/ConverterConfigurationComponent.java
[INFO] Asked to open InputStream for platform:/resource/org.gecko.emf.converter.model/src/org/gecko/emf/converter/model/configuration/ConverterConfigurationComponent.java
[INFO] sanatized uri resource://org.gecko.emf.converter.model/src/org/gecko/emf/converter/model/configuration/ConverterConfigurationComponent.java
[INFO] bsn according to URI org.gecko.emf.converter.model
[INFO] The bsn segment part fits to: org.gecko.emf.converter.model
[INFO] subtask Preparing new /org.gecko.emf.converter.model/src/org/gecko/emf/converter/model/configuration/ConverterConfigurationComponent.java
[INFO] toPlatformResourceURI: /org.gecko.emf.converter.model/src/org/gecko/emf/converter/model/configuration/ConverterConfigurationComponent.java
[INFO] toPlatformResourceURI esult: /org.gecko.emf.converter.model/src/org/gecko/emf/converter/model/configuration/ConverterConfigurationComponent.java
[INFO] toPlatformResourceURI: /org.gecko.emf.converter.model/src/org/gecko/emf/converter/model/configuration/ConverterConfigurationComponent.java
[INFO] toPlatformResourceURI esult: /org.gecko.emf.converter.model/src/org/gecko/emf/converter/model/configuration/ConverterConfigurationComponent.java
[INFO] Asked to handle platform:/resource/org.gecko.emf.converter.model/src/org/gecko/emf/converter/model/configuration/ConverterConfigurationComponent.java
[INFO] Asked to open OutputStream for platform:/resource/org.gecko.emf.converter.model/src/org/gecko/emf/converter/model/configuration/ConverterConfigurationComponent.java
[INFO] Sanatized resource://org.gecko.emf.converter.model/src/org/gecko/emf/converter/model/configuration/ConverterConfigurationComponent.java
[INFO] Opening file /devel/git/org.gecko.emf.utils/org.gecko.emf.converter.model/src/org/gecko/emf/converter/model/configuration/ConverterConfigurationComponent.java
[INFO] subtask Generating package info for package 'model'
[INFO] subtask Generating /org.gecko.emf.converter.model/src/org/gecko/emf/converter/model/package-info.java
[INFO] internaly worked 1.0 on null
[INFO] subtask 
[INFO] toPlatformResourceURI: /org.gecko.emf.converter.model/src/org/gecko/emf/converter/model/package-info.java
[INFO] toPlatformResourceURI esult: /org.gecko.emf.converter.model/src/org/gecko/emf/converter/model/package-info.java
[INFO] Asked to handle platform:/resource/org.gecko.emf.converter.model/src/org/gecko/emf/converter/model/package-info.java
[INFO] Asked if exists platform:/resource/org.gecko.emf.converter.model/src/org/gecko/emf/converter/model/package-info.java
[INFO] toPlatformResourceURI: /org.gecko.emf.converter.model/src/org/gecko/emf/converter/model/package-info.java
[INFO] toPlatformResourceURI esult: /org.gecko.emf.converter.model/src/org/gecko/emf/converter/model/package-info.java
[INFO] Asked to handle platform:/resource/org.gecko.emf.converter.model/src/org/gecko/emf/converter/model/package-info.java
[INFO] Asked to open InputStream for platform:/resource/org.gecko.emf.converter.model/src/org/gecko/emf/converter/model/package-info.java
[INFO] sanatized uri resource://org.gecko.emf.converter.model/src/org/gecko/emf/converter/model/package-info.java
[INFO] bsn according to URI org.gecko.emf.converter.model
[INFO] The bsn segment part fits to: org.gecko.emf.converter.model
[INFO] subtask Preparing new /org.gecko.emf.converter.model/src/org/gecko/emf/converter/model/package-info.java
[INFO] toPlatformResourceURI: /org.gecko.emf.converter.model/src/org/gecko/emf/converter/model/package-info.java
[INFO] toPlatformResourceURI esult: /org.gecko.emf.converter.model/src/org/gecko/emf/converter/model/package-info.java
[INFO] toPlatformResourceURI: /org.gecko.emf.converter.model/src/org/gecko/emf/converter/model/package-info.java
[INFO] toPlatformResourceURI esult: /org.gecko.emf.converter.model/src/org/gecko/emf/converter/model/package-info.java
[INFO] Asked to handle platform:/resource/org.gecko.emf.converter.model/src/org/gecko/emf/converter/model/package-info.java
[INFO] Asked to open OutputStream for platform:/resource/org.gecko.emf.converter.model/src/org/gecko/emf/converter/model/package-info.java
[INFO] Sanatized resource://org.gecko.emf.converter.model/src/org/gecko/emf/converter/model/package-info.java
[INFO] Opening file /devel/git/org.gecko.emf.utils/org.gecko.emf.converter.model/src/org/gecko/emf/converter/model/package-info.java
[INFO] subtask Generating /org.gecko.emf.converter.model/src/org/gecko/emf/converter/model/impl/package-info.java
[INFO] internaly worked 1.0 on null
[INFO] subtask 
[INFO] toPlatformResourceURI: /org.gecko.emf.converter.model/src/org/gecko/emf/converter/model/impl/package-info.java
[INFO] toPlatformResourceURI esult: /org.gecko.emf.converter.model/src/org/gecko/emf/converter/model/impl/package-info.java
[INFO] Asked to handle platform:/resource/org.gecko.emf.converter.model/src/org/gecko/emf/converter/model/impl/package-info.java
[INFO] Asked if exists platform:/resource/org.gecko.emf.converter.model/src/org/gecko/emf/converter/model/impl/package-info.java
[INFO] toPlatformResourceURI: /org.gecko.emf.converter.model/src/org/gecko/emf/converter/model/impl/package-info.java
[INFO] toPlatformResourceURI esult: /org.gecko.emf.converter.model/src/org/gecko/emf/converter/model/impl/package-info.java
[INFO] Asked to handle platform:/resource/org.gecko.emf.converter.model/src/org/gecko/emf/converter/model/impl/package-info.java
[INFO] Asked to open InputStream for platform:/resource/org.gecko.emf.converter.model/src/org/gecko/emf/converter/model/impl/package-info.java
[INFO] sanatized uri resource://org.gecko.emf.converter.model/src/org/gecko/emf/converter/model/impl/package-info.java
[INFO] bsn according to URI org.gecko.emf.converter.model
[INFO] The bsn segment part fits to: org.gecko.emf.converter.model
[INFO] subtask Preparing new /org.gecko.emf.converter.model/src/org/gecko/emf/converter/model/impl/package-info.java
[INFO] toPlatformResourceURI: /org.gecko.emf.converter.model/src/org/gecko/emf/converter/model/impl/package-info.java
[INFO] toPlatformResourceURI esult: /org.gecko.emf.converter.model/src/org/gecko/emf/converter/model/impl/package-info.java
[INFO] toPlatformResourceURI: /org.gecko.emf.converter.model/src/org/gecko/emf/converter/model/impl/package-info.java
[INFO] toPlatformResourceURI esult: /org.gecko.emf.converter.model/src/org/gecko/emf/converter/model/impl/package-info.java
[INFO] Asked to handle platform:/resource/org.gecko.emf.converter.model/src/org/gecko/emf/converter/model/impl/package-info.java
[INFO] Asked to open OutputStream for platform:/resource/org.gecko.emf.converter.model/src/org/gecko/emf/converter/model/impl/package-info.java
[INFO] Sanatized resource://org.gecko.emf.converter.model/src/org/gecko/emf/converter/model/impl/package-info.java
[INFO] Opening file /devel/git/org.gecko.emf.utils/org.gecko.emf.converter.model/src/org/gecko/emf/converter/model/impl/package-info.java
[INFO] Generating code - org.eclipse.emf.codegen.ecore
[INFO]   OK - org.eclipse.emf.common
[INFO]   OK - org.eclipse.emf.common
[INFO]   OK - org.eclipse.emf.common
[INFO]   OK - org.eclipse.emf.common
[INFO]   OK - org.eclipse.emf.common
[INFO]   OK - org.eclipse.emf.common
